<html>
<body>
<pre>
<h1>µVision Build Log</h1>
<h2>Tool Versions:</h2>
IDE-Version: ¦ÌVision V5.27.1.0
Copyright (C) 2019 ARM Ltd and ARM Germany GmbH. All rights reserved.
License Information: guan huanyi, pi, LIC=----
 
Tool Versions:
Toolchain:       MDK-Lite  Version: 5.27.1.0
Toolchain Path:  C:\Keil_v5\ARM\ARMCC\Bin
C Compiler:      Armcc.exe V5.06 update 6 (build 750)
Assembler:       Armasm.exe V5.06 update 6 (build 750)
Linker/Locator:  ArmLink.exe V5.06 update 6 (build 750)
Library Manager: ArmAr.exe V5.06 update 6 (build 750)
Hex Converter:   FromElf.exe V5.06 update 6 (build 750)
CPU DLL:         SARMCM3.DLL V5.27.1.0
Dialog DLL:      DCM.DLL V1.17.2.0
Target DLL:      Segger\JL2CM3.dll V2.99.35.0
Dialog DLL:      TCM.DLL V1.36.1.0
 
<h2>Project:</h2>
F:\Git\reg_spi\reg_spi.uvprojx
Project File Date:  07/03/2019

<h2>Output:</h2>
*** Using Compiler 'V5.06 update 6 (build 750)', folder: 'C:\Keil_v5\ARM\ARMCC\Bin'
Build target 'REG_SPI'
compiling main.c...
user\main.c(52): warning:  #61-D: integer operation result is out of range
  	Control_P2_3(OUTPUT_PP_AF2, STRONG);			//Control_P2_3(OUTPUT_PP_AF2, STRONG);				//SELO
user\main.c(52): warning:  #68-D: integer conversion resulted in a change of sign
  	Control_P2_3(OUTPUT_PP_AF2, STRONG);			//Control_P2_3(OUTPUT_PP_AF2, STRONG);				//SELO
user\main.c(121): warning:  #177-D: variable "Result"  was declared but never referenced
  	unsigned long Result=0;
user\main.c: 3 warnings, 0 errors
linking...
Program Size: Code=2392 RO-data=544 RW-data=8 ZI-data=2676  
".\Objects\reg_spi.axf" - 0 Error(s), 3 Warning(s).

<h2>Software Packages used:</h2>

Package Vendor: ARM
                http://www.keil.com/pack/ARM.CMSIS.5.5.1.pack
                ARM.CMSIS.5.5.1
                CMSIS (Cortex Microcontroller Software Interface Standard)
   * Component: CORE Version: 5.2.0

Package Vendor: Infineon
                http://dave.infineon.com/Libraries/CMSIS_PACK/Infineon.XMC4000_DFP.2.12.0.pack
                Infineon.XMC4000_DFP.2.12.0
                Infineon XMC4000 Series Device Support, Drivers and Examples
      Note: The new PACK download address is http://dave.infineon.com/Libraries/CMSIS_PACK/
   * Component: Startup Version: 2.2.4

<h2>Collection of Component include folders:</h2>
  .\RTE\_REG_SPI
  C:\Users\E\AppData\Local\Arm\Packs\ARM\CMSIS\5.5.1\CMSIS\Core\Include
  C:\Users\E\AppData\Local\Arm\Packs\Infineon\XMC4000_DFP\2.12.0\Device\XMC4800_series\Include

<h2>Collection of Component Files used:</h2>

   * Component: ARM::CMSIS:CORE:5.2.0

   * Component: Infineon::Device:Startup:2.2.4
      Include file:  Device\XMC4800_series\Include\XMC4800.h
      Source file:   Device\XMC4800_series\Source\ARM\startup_XMC4800.s
      Source file:   Device\XMC4800_series\Source\system_XMC4800.c
Build Time Elapsed:  00:00:01
</pre>
</body>
</html>
